Archive member included to satisfy reference by file (symbol)

c:/program files (x86)/atmel/studio/7.0/toolchain/avr8/avr8-gnu-toolchain/bin/../lib/gcc/avr/5.4.0/avr5\libgcc.a(_exit.o)
                              C:/Program Files (x86)/Atmel/Studio/7.0/Packs/atmel/ATmega_DFP/1.1.130/gcc/dev/atmega328p/avr5/crtatmega328p.o (exit)
c:/program files (x86)/atmel/studio/7.0/toolchain/avr8/avr8-gnu-toolchain/bin/../lib/gcc/avr/5.4.0/avr5\libgcc.a(_tablejump2.o)
                              main.o (__tablejump2__)
c:/program files (x86)/atmel/studio/7.0/toolchain/avr8/avr8-gnu-toolchain/bin/../lib/gcc/avr/5.4.0/avr5\libgcc.a(_copy_data.o)
                              main.o (__do_copy_data)
c:/program files (x86)/atmel/studio/7.0/toolchain/avr8/avr8-gnu-toolchain/bin/../lib/gcc/avr/5.4.0/avr5\libgcc.a(_clear_bss.o)
                              main.o (__do_clear_bss)
c:/program files (x86)/atmel/studio/7.0/toolchain/avr8/avr8-gnu-toolchain/bin/../lib/gcc/avr/5.4.0/avr5\libgcc.a(_umulhisi3.o)
                              main.o (__umulhisi3)
C:/Program Files (x86)/Atmel/Studio/7.0/Packs/atmel/ATmega_DFP/1.1.130/gcc/dev/atmega328p/avr5\libatmega328p.a(eerd_block.o)
                              main.o (eeprom_read_block)
C:/Program Files (x86)/Atmel/Studio/7.0/Packs/atmel/ATmega_DFP/1.1.130/gcc/dev/atmega328p/avr5\libatmega328p.a(eerd_byte.o)
                              main.o (eeprom_read_byte)
C:/Program Files (x86)/Atmel/Studio/7.0/Packs/atmel/ATmega_DFP/1.1.130/gcc/dev/atmega328p/avr5\libatmega328p.a(eewr_block.o)
                              main.o (eeprom_write_block)
C:/Program Files (x86)/Atmel/Studio/7.0/Packs/atmel/ATmega_DFP/1.1.130/gcc/dev/atmega328p/avr5\libatmega328p.a(eewr_byte.o)
                              main.o (eeprom_write_byte)

Discarded input sections

 .data          0x00000000        0x0 C:/Program Files (x86)/Atmel/Studio/7.0/Packs/atmel/ATmega_DFP/1.1.130/gcc/dev/atmega328p/avr5/crtatmega328p.o
 .bss           0x00000000        0x0 C:/Program Files (x86)/Atmel/Studio/7.0/Packs/atmel/ATmega_DFP/1.1.130/gcc/dev/atmega328p/avr5/crtatmega328p.o
 .text          0x00000000        0x0 main.o
 .data          0x00000000        0x0 main.o
 .bss           0x00000000        0x0 main.o
 .text._Z11CheckMinMaxhh
                0x00000000       0x2e main.o
 .bss.control_R
                0x00000000        0x1 main.o
 .bss.control_L
                0x00000000        0x1 main.o
 .bss.jog_started_L_bwd
                0x00000000        0x1 main.o
 .bss.jog_started_L_fwd
                0x00000000        0x1 main.o
 .bss.jog_started_R_bwd
                0x00000000        0x1 main.o
 .bss.jog_started_R_fwd
                0x00000000        0x1 main.o
 .bss.curr_L_step
                0x00000000        0x2 main.o
 .bss.curr_R_step
                0x00000000        0x2 main.o
 .bss.jog_stL   0x00000000        0x1 main.o
 .bss.jog_stR   0x00000000        0x1 main.o
 .data.jogL_count_en
                0x00000000        0x1 main.o
 .bss.jogR_count_en
                0x00000000        0x1 main.o
 .bss.jogR_on   0x00000000        0x2 main.o
 .bss.jogL_on   0x00000000        0x2 main.o
 .bss.readbyte_disp
                0x00000000        0x1 main.o
 .bss.lock2     0x00000000        0x1 main.o
 .bss.lock1     0x00000000        0x1 main.o
 .bss.channelR_on
                0x00000000        0x2 main.o
 .bss.channelL_on
                0x00000000        0x2 main.o
 .bss.operation_R
                0x00000000        0x1 main.o
 .bss.operation_L
                0x00000000        0x1 main.o
 .bss.stR       0x00000000        0x1 main.o
 .bss.stL       0x00000000        0x1 main.o
 .bss.count_en_R
                0x00000000        0x1 main.o
 .bss.count_en_L
                0x00000000        0x1 main.o
 .text          0x00000000        0x0 twi.o
 .data          0x00000000        0x0 twi.o
 .bss           0x00000000        0x0 twi.o
 .text          0x00000000        0x0 c:/program files (x86)/atmel/studio/7.0/toolchain/avr8/avr8-gnu-toolchain/bin/../lib/gcc/avr/5.4.0/avr5\libgcc.a(_exit.o)
 .data          0x00000000        0x0 c:/program files (x86)/atmel/studio/7.0/toolchain/avr8/avr8-gnu-toolchain/bin/../lib/gcc/avr/5.4.0/avr5\libgcc.a(_exit.o)
 .bss           0x00000000        0x0 c:/program files (x86)/atmel/studio/7.0/toolchain/avr8/avr8-gnu-toolchain/bin/../lib/gcc/avr/5.4.0/avr5\libgcc.a(_exit.o)
 .text.libgcc.mul
                0x00000000        0x0 c:/program files (x86)/atmel/studio/7.0/toolchain/avr8/avr8-gnu-toolchain/bin/../lib/gcc/avr/5.4.0/avr5\libgcc.a(_exit.o)
 .text.libgcc.div
                0x00000000        0x0 c:/program files (x86)/atmel/studio/7.0/toolchain/avr8/avr8-gnu-toolchain/bin/../lib/gcc/avr/5.4.0/avr5\libgcc.a(_exit.o)
 .text.libgcc   0x00000000        0x0 c:/program files (x86)/atmel/studio/7.0/toolchain/avr8/avr8-gnu-toolchain/bin/../lib/gcc/avr/5.4.0/avr5\libgcc.a(_exit.o)
 .text.libgcc.prologue
                0x00000000        0x0 c:/program files (x86)/atmel/studio/7.0/toolchain/avr8/avr8-gnu-toolchain/bin/../lib/gcc/avr/5.4.0/avr5\libgcc.a(_exit.o)
 .text.libgcc.builtins
                0x00000000        0x0 c:/program files (x86)/atmel/studio/7.0/toolchain/avr8/avr8-gnu-toolchain/bin/../lib/gcc/avr/5.4.0/avr5\libgcc.a(_exit.o)
 .text.libgcc.fmul
                0x00000000        0x0 c:/program files (x86)/atmel/studio/7.0/toolchain/avr8/avr8-gnu-toolchain/bin/../lib/gcc/avr/5.4.0/avr5\libgcc.a(_exit.o)
 .text.libgcc.fixed
                0x00000000        0x0 c:/program files (x86)/atmel/studio/7.0/toolchain/avr8/avr8-gnu-toolchain/bin/../lib/gcc/avr/5.4.0/avr5\libgcc.a(_exit.o)
 .text          0x00000000        0x0 c:/program files (x86)/atmel/studio/7.0/toolchain/avr8/avr8-gnu-toolchain/bin/../lib/gcc/avr/5.4.0/avr5\libgcc.a(_tablejump2.o)
 .data          0x00000000        0x0 c:/program files (x86)/atmel/studio/7.0/toolchain/avr8/avr8-gnu-toolchain/bin/../lib/gcc/avr/5.4.0/avr5\libgcc.a(_tablejump2.o)
 .bss           0x00000000        0x0 c:/program files (x86)/atmel/studio/7.0/toolchain/avr8/avr8-gnu-toolchain/bin/../lib/gcc/avr/5.4.0/avr5\libgcc.a(_tablejump2.o)
 .text.libgcc.mul
                0x00000000        0x0 c:/program files (x86)/atmel/studio/7.0/toolchain/avr8/avr8-gnu-toolchain/bin/../lib/gcc/avr/5.4.0/avr5\libgcc.a(_tablejump2.o)
 .text.libgcc.div
                0x00000000        0x0 c:/program files (x86)/atmel/studio/7.0/toolchain/avr8/avr8-gnu-toolchain/bin/../lib/gcc/avr/5.4.0/avr5\libgcc.a(_tablejump2.o)
 .text.libgcc.prologue
                0x00000000        0x0 c:/program files (x86)/atmel/studio/7.0/toolchain/avr8/avr8-gnu-toolchain/bin/../lib/gcc/avr/5.4.0/avr5\libgcc.a(_tablejump2.o)
 .text.libgcc.builtins
                0x00000000        0x0 c:/program files (x86)/atmel/studio/7.0/toolchain/avr8/avr8-gnu-toolchain/bin/../lib/gcc/avr/5.4.0/avr5\libgcc.a(_tablejump2.o)
 .text.libgcc.fmul
                0x00000000        0x0 c:/program files (x86)/atmel/studio/7.0/toolchain/avr8/avr8-gnu-toolchain/bin/../lib/gcc/avr/5.4.0/avr5\libgcc.a(_tablejump2.o)
 .text.libgcc.fixed
                0x00000000        0x0 c:/program files (x86)/atmel/studio/7.0/toolchain/avr8/avr8-gnu-toolchain/bin/../lib/gcc/avr/5.4.0/avr5\libgcc.a(_tablejump2.o)
 .text          0x00000000        0x0 c:/program files (x86)/atmel/studio/7.0/toolchain/avr8/avr8-gnu-toolchain/bin/../lib/gcc/avr/5.4.0/avr5\libgcc.a(_copy_data.o)
 .data          0x00000000        0x0 c:/program files (x86)/atmel/studio/7.0/toolchain/avr8/avr8-gnu-toolchain/bin/../lib/gcc/avr/5.4.0/avr5\libgcc.a(_copy_data.o)
 .bss           0x00000000        0x0 c:/program files (x86)/atmel/studio/7.0/toolchain/avr8/avr8-gnu-toolchain/bin/../lib/gcc/avr/5.4.0/avr5\libgcc.a(_copy_data.o)
 .text.libgcc.mul
                0x00000000        0x0 c:/program files (x86)/atmel/studio/7.0/toolchain/avr8/avr8-gnu-toolchain/bin/../lib/gcc/avr/5.4.0/avr5\libgcc.a(_copy_data.o)
 .text.libgcc.div
                0x00000000        0x0 c:/program files (x86)/atmel/studio/7.0/toolchain/avr8/avr8-gnu-toolchain/bin/../lib/gcc/avr/5.4.0/avr5\libgcc.a(_copy_data.o)
 .text.libgcc   0x00000000        0x0 c:/program files (x86)/atmel/studio/7.0/toolchain/avr8/avr8-gnu-toolchain/bin/../lib/gcc/avr/5.4.0/avr5\libgcc.a(_copy_data.o)
 .text.libgcc.prologue
                0x00000000        0x0 c:/program files (x86)/atmel/studio/7.0/toolchain/avr8/avr8-gnu-toolchain/bin/../lib/gcc/avr/5.4.0/avr5\libgcc.a(_copy_data.o)
 .text.libgcc.builtins
                0x00000000        0x0 c:/program files (x86)/atmel/studio/7.0/toolchain/avr8/avr8-gnu-toolchain/bin/../lib/gcc/avr/5.4.0/avr5\libgcc.a(_copy_data.o)
 .text.libgcc.fmul
                0x00000000        0x0 c:/program files (x86)/atmel/studio/7.0/toolchain/avr8/avr8-gnu-toolchain/bin/../lib/gcc/avr/5.4.0/avr5\libgcc.a(_copy_data.o)
 .text.libgcc.fixed
                0x00000000        0x0 c:/program files (x86)/atmel/studio/7.0/toolchain/avr8/avr8-gnu-toolchain/bin/../lib/gcc/avr/5.4.0/avr5\libgcc.a(_copy_data.o)
 .text          0x00000000        0x0 c:/program files (x86)/atmel/studio/7.0/toolchain/avr8/avr8-gnu-toolchain/bin/../lib/gcc/avr/5.4.0/avr5\libgcc.a(_clear_bss.o)
 .data          0x00000000        0x0 c:/program files (x86)/atmel/studio/7.0/toolchain/avr8/avr8-gnu-toolchain/bin/../lib/gcc/avr/5.4.0/avr5\libgcc.a(_clear_bss.o)
 .bss           0x00000000        0x0 c:/program files (x86)/atmel/studio/7.0/toolchain/avr8/avr8-gnu-toolchain/bin/../lib/gcc/avr/5.4.0/avr5\libgcc.a(_clear_bss.o)
 .text.libgcc.mul
                0x00000000        0x0 c:/program files (x86)/atmel/studio/7.0/toolchain/avr8/avr8-gnu-toolchain/bin/../lib/gcc/avr/5.4.0/avr5\libgcc.a(_clear_bss.o)
 .text.libgcc.div
                0x00000000        0x0 c:/program files (x86)/atmel/studio/7.0/toolchain/avr8/avr8-gnu-toolchain/bin/../lib/gcc/avr/5.4.0/avr5\libgcc.a(_clear_bss.o)
 .text.libgcc   0x00000000        0x0 c:/program files (x86)/atmel/studio/7.0/toolchain/avr8/avr8-gnu-toolchain/bin/../lib/gcc/avr/5.4.0/avr5\libgcc.a(_clear_bss.o)
 .text.libgcc.prologue
                0x00000000        0x0 c:/program files (x86)/atmel/studio/7.0/toolchain/avr8/avr8-gnu-toolchain/bin/../lib/gcc/avr/5.4.0/avr5\libgcc.a(_clear_bss.o)
 .text.libgcc.builtins
                0x00000000        0x0 c:/program files (x86)/atmel/studio/7.0/toolchain/avr8/avr8-gnu-toolchain/bin/../lib/gcc/avr/5.4.0/avr5\libgcc.a(_clear_bss.o)
 .text.libgcc.fmul
                0x00000000        0x0 c:/program files (x86)/atmel/studio/7.0/toolchain/avr8/avr8-gnu-toolchain/bin/../lib/gcc/avr/5.4.0/avr5\libgcc.a(_clear_bss.o)
 .text.libgcc.fixed
                0x00000000        0x0 c:/program files (x86)/atmel/studio/7.0/toolchain/avr8/avr8-gnu-toolchain/bin/../lib/gcc/avr/5.4.0/avr5\libgcc.a(_clear_bss.o)
 .text          0x00000000        0x0 c:/program files (x86)/atmel/studio/7.0/toolchain/avr8/avr8-gnu-toolchain/bin/../lib/gcc/avr/5.4.0/avr5\libgcc.a(_umulhisi3.o)
 .data          0x00000000        0x0 c:/program files (x86)/atmel/studio/7.0/toolchain/avr8/avr8-gnu-toolchain/bin/../lib/gcc/avr/5.4.0/avr5\libgcc.a(_umulhisi3.o)
 .bss           0x00000000        0x0 c:/program files (x86)/atmel/studio/7.0/toolchain/avr8/avr8-gnu-toolchain/bin/../lib/gcc/avr/5.4.0/avr5\libgcc.a(_umulhisi3.o)
 .text.libgcc.div
                0x00000000        0x0 c:/program files (x86)/atmel/studio/7.0/toolchain/avr8/avr8-gnu-toolchain/bin/../lib/gcc/avr/5.4.0/avr5\libgcc.a(_umulhisi3.o)
 .text.libgcc   0x00000000        0x0 c:/program files (x86)/atmel/studio/7.0/toolchain/avr8/avr8-gnu-toolchain/bin/../lib/gcc/avr/5.4.0/avr5\libgcc.a(_umulhisi3.o)
 .text.libgcc.prologue
                0x00000000        0x0 c:/program files (x86)/atmel/studio/7.0/toolchain/avr8/avr8-gnu-toolchain/bin/../lib/gcc/avr/5.4.0/avr5\libgcc.a(_umulhisi3.o)
 .text.libgcc.builtins
                0x00000000        0x0 c:/program files (x86)/atmel/studio/7.0/toolchain/avr8/avr8-gnu-toolchain/bin/../lib/gcc/avr/5.4.0/avr5\libgcc.a(_umulhisi3.o)
 .text.libgcc.fmul
                0x00000000        0x0 c:/program files (x86)/atmel/studio/7.0/toolchain/avr8/avr8-gnu-toolchain/bin/../lib/gcc/avr/5.4.0/avr5\libgcc.a(_umulhisi3.o)
 .text.libgcc.fixed
                0x00000000        0x0 c:/program files (x86)/atmel/studio/7.0/toolchain/avr8/avr8-gnu-toolchain/bin/../lib/gcc/avr/5.4.0/avr5\libgcc.a(_umulhisi3.o)
 .text          0x00000000        0x0 C:/Program Files (x86)/Atmel/Studio/7.0/Packs/atmel/ATmega_DFP/1.1.130/gcc/dev/atmega328p/avr5\libatmega328p.a(eerd_block.o)
 .data          0x00000000        0x0 C:/Program Files (x86)/Atmel/Studio/7.0/Packs/atmel/ATmega_DFP/1.1.130/gcc/dev/atmega328p/avr5\libatmega328p.a(eerd_block.o)
 .bss           0x00000000        0x0 C:/Program Files (x86)/Atmel/Studio/7.0/Packs/atmel/ATmega_DFP/1.1.130/gcc/dev/atmega328p/avr5\libatmega328p.a(eerd_block.o)
 .text          0x00000000        0x0 C:/Program Files (x86)/Atmel/Studio/7.0/Packs/atmel/ATmega_DFP/1.1.130/gcc/dev/atmega328p/avr5\libatmega328p.a(eerd_byte.o)
 .data          0x00000000        0x0 C:/Program Files (x86)/Atmel/Studio/7.0/Packs/atmel/ATmega_DFP/1.1.130/gcc/dev/atmega328p/avr5\libatmega328p.a(eerd_byte.o)
 .bss           0x00000000        0x0 C:/Program Files (x86)/Atmel/Studio/7.0/Packs/atmel/ATmega_DFP/1.1.130/gcc/dev/atmega328p/avr5\libatmega328p.a(eerd_byte.o)
 .text          0x00000000        0x0 C:/Program Files (x86)/Atmel/Studio/7.0/Packs/atmel/ATmega_DFP/1.1.130/gcc/dev/atmega328p/avr5\libatmega328p.a(eewr_block.o)
 .data          0x00000000        0x0 C:/Program Files (x86)/Atmel/Studio/7.0/Packs/atmel/ATmega_DFP/1.1.130/gcc/dev/atmega328p/avr5\libatmega328p.a(eewr_block.o)
 .bss           0x00000000        0x0 C:/Program Files (x86)/Atmel/Studio/7.0/Packs/atmel/ATmega_DFP/1.1.130/gcc/dev/atmega328p/avr5\libatmega328p.a(eewr_block.o)
 .text          0x00000000        0x0 C:/Program Files (x86)/Atmel/Studio/7.0/Packs/atmel/ATmega_DFP/1.1.130/gcc/dev/atmega328p/avr5\libatmega328p.a(eewr_byte.o)
 .data          0x00000000        0x0 C:/Program Files (x86)/Atmel/Studio/7.0/Packs/atmel/ATmega_DFP/1.1.130/gcc/dev/atmega328p/avr5\libatmega328p.a(eewr_byte.o)
 .bss           0x00000000        0x0 C:/Program Files (x86)/Atmel/Studio/7.0/Packs/atmel/ATmega_DFP/1.1.130/gcc/dev/atmega328p/avr5\libatmega328p.a(eewr_byte.o)

Memory Configuration

Name             Origin             Length             Attributes
text             0x00000000         0x00020000         xr
data             0x00800060         0x0000ffa0         rw !x
eeprom           0x00810000         0x00010000         rw !x
fuse             0x00820000         0x00000003         rw !x
lock             0x00830000         0x00000400         rw !x
signature        0x00840000         0x00000400         rw !x
user_signatures  0x00850000         0x00000400         rw !x
*default*        0x00000000         0xffffffff

Linker script and memory map

Address of section .data set to 0x800100
LOAD C:/Program Files (x86)/Atmel/Studio/7.0/Packs/atmel/ATmega_DFP/1.1.130/gcc/dev/atmega328p/avr5/crtatmega328p.o
LOAD main.o
LOAD twi.o
START GROUP
LOAD c:/program files (x86)/atmel/studio/7.0/toolchain/avr8/avr8-gnu-toolchain/bin/../lib/gcc/avr/5.4.0/../../../../avr/lib/avr5\libm.a
END GROUP
LOAD c:/program files (x86)/atmel/studio/7.0/toolchain/avr8/avr8-gnu-toolchain/bin/../lib/gcc/avr/5.4.0/avr5\libgcc.a
LOAD c:/program files (x86)/atmel/studio/7.0/toolchain/avr8/avr8-gnu-toolchain/bin/../lib/gcc/avr/5.4.0/../../../../avr/lib/avr5\libm.a
START GROUP
LOAD c:/program files (x86)/atmel/studio/7.0/toolchain/avr8/avr8-gnu-toolchain/bin/../lib/gcc/avr/5.4.0/avr5\libgcc.a
LOAD c:/program files (x86)/atmel/studio/7.0/toolchain/avr8/avr8-gnu-toolchain/bin/../lib/gcc/avr/5.4.0/../../../../avr/lib/avr5\libm.a
LOAD c:/program files (x86)/atmel/studio/7.0/toolchain/avr8/avr8-gnu-toolchain/bin/../lib/gcc/avr/5.4.0/../../../../avr/lib/avr5\libc.a
LOAD C:/Program Files (x86)/Atmel/Studio/7.0/Packs/atmel/ATmega_DFP/1.1.130/gcc/dev/atmega328p/avr5\libatmega328p.a
END GROUP
                0x00020000                __TEXT_REGION_LENGTH__ = DEFINED (__TEXT_REGION_LENGTH__)?__TEXT_REGION_LENGTH__:0x20000
                0x0000ffa0                __DATA_REGION_LENGTH__ = DEFINED (__DATA_REGION_LENGTH__)?__DATA_REGION_LENGTH__:0xffa0
                0x00010000                __EEPROM_REGION_LENGTH__ = DEFINED (__EEPROM_REGION_LENGTH__)?__EEPROM_REGION_LENGTH__:0x10000
                [0x00000003]                __FUSE_REGION_LENGTH__ = DEFINED (__FUSE_REGION_LENGTH__)?__FUSE_REGION_LENGTH__:0x400
                0x00000400                __LOCK_REGION_LENGTH__ = DEFINED (__LOCK_REGION_LENGTH__)?__LOCK_REGION_LENGTH__:0x400
                0x00000400                __SIGNATURE_REGION_LENGTH__ = DEFINED (__SIGNATURE_REGION_LENGTH__)?__SIGNATURE_REGION_LENGTH__:0x400
                0x00000400                __USER_SIGNATURE_REGION_LENGTH__ = DEFINED (__USER_SIGNATURE_REGION_LENGTH__)?__USER_SIGNATURE_REGION_LENGTH__:0x400

.hash
 *(.hash)

.dynsym
 *(.dynsym)

.dynstr
 *(.dynstr)

.gnu.version
 *(.gnu.version)

.gnu.version_d
 *(.gnu.version_d)

.gnu.version_r
 *(.gnu.version_r)

.rel.init
 *(.rel.init)

.rela.init
 *(.rela.init)

.rel.text
 *(.rel.text)
 *(.rel.text.*)
 *(.rel.gnu.linkonce.t*)

.rela.text
 *(.rela.text)
 *(.rela.text.*)
 *(.rela.gnu.linkonce.t*)

.rel.fini
 *(.rel.fini)

.rela.fini
 *(.rela.fini)

.rel.rodata
 *(.rel.rodata)
 *(.rel.rodata.*)
 *(.rel.gnu.linkonce.r*)

.rela.rodata
 *(.rela.rodata)
 *(.rela.rodata.*)
 *(.rela.gnu.linkonce.r*)

.rel.data
 *(.rel.data)
 *(.rel.data.*)
 *(.rel.gnu.linkonce.d*)

.rela.data
 *(.rela.data)
 *(.rela.data.*)
 *(.rela.gnu.linkonce.d*)

.rel.ctors
 *(.rel.ctors)

.rela.ctors
 *(.rela.ctors)

.rel.dtors
 *(.rel.dtors)

.rela.dtors
 *(.rela.dtors)

.rel.got
 *(.rel.got)

.rela.got
 *(.rela.got)

.rel.bss
 *(.rel.bss)

.rela.bss
 *(.rela.bss)

.rel.plt
 *(.rel.plt)

.rela.plt
 *(.rela.plt)

.text           0x00000000     0x146e
 *(.vectors)
 .vectors       0x00000000       0x68 C:/Program Files (x86)/Atmel/Studio/7.0/Packs/atmel/ATmega_DFP/1.1.130/gcc/dev/atmega328p/avr5/crtatmega328p.o
                0x00000000                __vector_default
                0x00000000                __vectors
 *(.vectors)
 *(.progmem.gcc*)
 .progmem.gcc_sw_table._Z11WriteEepromc
                0x00000068       0x42 main.o
 .progmem.gcc_sw_table.main
                0x000000aa       0x84 main.o
                0x0000012e                . = ALIGN (0x2)
                0x0000012e                __trampolines_start = .
 *(.trampolines)
 .trampolines   0x0000012e        0x0 linker stubs
 *(.trampolines*)
                0x0000012e                __trampolines_end = .
 *libprintf_flt.a:*(.progmem.data)
 *libc.a:*(.progmem.data)
 *(.progmem*)
                0x0000012e                . = ALIGN (0x2)
 *(.jumptables)
 *(.jumptables*)
 *(.lowtext)
 *(.lowtext*)
                0x0000012e                __ctors_start = .
 *(.ctors)
                0x0000012e                __ctors_end = .
                0x0000012e                __dtors_start = .
 *(.dtors)
                0x0000012e                __dtors_end = .
 SORT(*)(.ctors)
 SORT(*)(.dtors)
 *(.init0)
 .init0         0x0000012e        0x0 C:/Program Files (x86)/Atmel/Studio/7.0/Packs/atmel/ATmega_DFP/1.1.130/gcc/dev/atmega328p/avr5/crtatmega328p.o
                0x0000012e                __init
 *(.init0)
 *(.init1)
 *(.init1)
 *(.init2)
 .init2         0x0000012e        0xc C:/Program Files (x86)/Atmel/Studio/7.0/Packs/atmel/ATmega_DFP/1.1.130/gcc/dev/atmega328p/avr5/crtatmega328p.o
 *(.init2)
 *(.init3)
 *(.init3)
 *(.init4)
 .init4         0x0000013a       0x16 c:/program files (x86)/atmel/studio/7.0/toolchain/avr8/avr8-gnu-toolchain/bin/../lib/gcc/avr/5.4.0/avr5\libgcc.a(_copy_data.o)
                0x0000013a                __do_copy_data
 .init4         0x00000150       0x10 c:/program files (x86)/atmel/studio/7.0/toolchain/avr8/avr8-gnu-toolchain/bin/../lib/gcc/avr/5.4.0/avr5\libgcc.a(_clear_bss.o)
                0x00000150                __do_clear_bss
 *(.init4)
 *(.init5)
 *(.init5)
 *(.init6)
 *(.init6)
 *(.init7)
 *(.init7)
 *(.init8)
 *(.init8)
 *(.init9)
 .init9         0x00000160        0x8 C:/Program Files (x86)/Atmel/Studio/7.0/Packs/atmel/ATmega_DFP/1.1.130/gcc/dev/atmega328p/avr5/crtatmega328p.o
 *(.init9)
 *(.text)
 .text          0x00000168        0x4 C:/Program Files (x86)/Atmel/Studio/7.0/Packs/atmel/ATmega_DFP/1.1.130/gcc/dev/atmega328p/avr5/crtatmega328p.o
                0x00000168                __vector_22
                0x00000168                __vector_1
                0x00000168                __vector_12
                0x00000168                __bad_interrupt
                0x00000168                __vector_6
                0x00000168                __vector_3
                0x00000168                __vector_23
                0x00000168                __vector_25
                0x00000168                __vector_11
                0x00000168                __vector_17
                0x00000168                __vector_19
                0x00000168                __vector_7
                0x00000168                __vector_5
                0x00000168                __vector_4
                0x00000168                __vector_9
                0x00000168                __vector_2
                0x00000168                __vector_15
                0x00000168                __vector_8
                0x00000168                __vector_14
                0x00000168                __vector_10
                0x00000168                __vector_16
                0x00000168                __vector_18
                0x00000168                __vector_20
                0x0000016c                . = ALIGN (0x2)
 *(.text.*)
 .text._ZN14ChannelControl11InitChannelEv
                0x0000016c       0x1c main.o
                0x0000016c                _ZN14ChannelControl11InitChannelEv
 .text._ZN14ChannelControl8BackwardEv
                0x00000188       0x24 main.o
                0x00000188                _ZN14ChannelControl8BackwardEv
 .text._ZN14ChannelControl7ForwardEv
                0x000001ac       0x24 main.o
                0x000001ac                _ZN14ChannelControl7ForwardEv
 .text._ZN14ChannelControl4StopEv
                0x000001d0       0x24 main.o
                0x000001d0                _ZN14ChannelControl4StopEv
 .text._ZN14ChannelControl7ProcessEv
                0x000001f4      0x1f6 main.o
                0x000001f4                _ZN14ChannelControl7ProcessEv
 .text._Z10LoadEepromv
                0x000003ea      0x218 main.o
                0x000003ea                _Z10LoadEepromv
 .text._Z11WriteEepromc
                0x00000602       0x84 main.o
                0x00000602                _Z11WriteEepromc
 .text._Z14_switch_filterP12SwitchFilter
                0x00000686       0x48 main.o
                0x00000686                _Z14_switch_filterP12SwitchFilter
 .text._Z16_joystick_filterP14JoystickFilter
                0x000006ce       0xf0 main.o
                0x000006ce                _Z16_joystick_filterP14JoystickFilter
 .text._Z17CurrentProtectionP12AnalogFilter
                0x000007be       0x24 main.o
                0x000007be                _Z17CurrentProtectionP12AnalogFilter
 .text.__vector_13
                0x000007e2      0x20e main.o
                0x000007e2                __vector_13
 .text._Z13init_switchesv
                0x000009f0       0x80 main.o
                0x000009f0                _Z13init_switchesv
 .text._Z16init_protectionsv
                0x00000a70       0x60 main.o
                0x00000a70                _Z16init_protectionsv
 .text.__vector_21
                0x00000ad0      0x15a main.o
                0x00000ad0                __vector_21
 .text._Z8ADC_Initv
                0x00000c2a       0x3a main.o
                0x00000c2a                _Z8ADC_Initv
 .text._Z13init_channelsv
                0x00000c64       0x48 main.o
                0x00000c64                _Z13init_channelsv
 .text.main     0x00000cac      0x5be main.o
                0x00000cac                main
 .text._Z8twi_initv
                0x0000126a       0x1e twi.o
                0x0000126a                _Z8twi_initv
 .text._Z8twi_readv
                0x00001288       0x12 twi.o
                0x00001288                _Z8twi_readv
 .text._Z9twi_writev
                0x0000129a       0x10 twi.o
                0x0000129a                _Z9twi_writev
 .text.__vector_24
                0x000012aa      0x136 twi.o
                0x000012aa                __vector_24
 .text.libgcc   0x000013e0        0xc c:/program files (x86)/atmel/studio/7.0/toolchain/avr8/avr8-gnu-toolchain/bin/../lib/gcc/avr/5.4.0/avr5\libgcc.a(_tablejump2.o)
                0x000013e0                __tablejump2__
 .text.libgcc.mul
                0x000013ec       0x1e c:/program files (x86)/atmel/studio/7.0/toolchain/avr8/avr8-gnu-toolchain/bin/../lib/gcc/avr/5.4.0/avr5\libgcc.a(_umulhisi3.o)
                0x000013ec                __umulhisi3
 .text.avr-libc
                0x0000140a       0x20 C:/Program Files (x86)/Atmel/Studio/7.0/Packs/atmel/ATmega_DFP/1.1.130/gcc/dev/atmega328p/avr5\libatmega328p.a(eerd_block.o)
                0x0000140a                eeprom_read_block
                0x0000140e                eeprom_read_blraw
 .text.avr-libc
                0x0000142a       0x10 C:/Program Files (x86)/Atmel/Studio/7.0/Packs/atmel/ATmega_DFP/1.1.130/gcc/dev/atmega328p/avr5\libatmega328p.a(eerd_byte.o)
                0x0000142a                eeprom_read_byte
 .text.avr-libc
                0x0000143a       0x14 C:/Program Files (x86)/Atmel/Studio/7.0/Packs/atmel/ATmega_DFP/1.1.130/gcc/dev/atmega328p/avr5\libatmega328p.a(eewr_block.o)
                0x0000143a                eeprom_write_block
 .text.avr-libc
                0x0000144e       0x1c C:/Program Files (x86)/Atmel/Studio/7.0/Packs/atmel/ATmega_DFP/1.1.130/gcc/dev/atmega328p/avr5\libatmega328p.a(eewr_byte.o)
                0x0000144e                eeprom_write_byte
                0x00001450                eeprom_write_r18
                0x0000146a                . = ALIGN (0x2)
 *(.fini9)
 .fini9         0x0000146a        0x0 c:/program files (x86)/atmel/studio/7.0/toolchain/avr8/avr8-gnu-toolchain/bin/../lib/gcc/avr/5.4.0/avr5\libgcc.a(_exit.o)
                0x0000146a                _exit
                0x0000146a                exit
 *(.fini9)
 *(.fini8)
 *(.fini8)
 *(.fini7)
 *(.fini7)
 *(.fini6)
 *(.fini6)
 *(.fini5)
 *(.fini5)
 *(.fini4)
 *(.fini4)
 *(.fini3)
 *(.fini3)
 *(.fini2)
 *(.fini2)
 *(.fini1)
 *(.fini1)
 *(.fini0)
 .fini0         0x0000146a        0x4 c:/program files (x86)/atmel/studio/7.0/toolchain/avr8/avr8-gnu-toolchain/bin/../lib/gcc/avr/5.4.0/avr5\libgcc.a(_exit.o)
 *(.fini0)
                0x0000146e                _etext = .

.data           0x00800100       0x34 load address 0x0000146e
                0x00800100                PROVIDE (__data_start, .)
 *(.data)
 *(.data*)
 .data.def_protection
                0x00800100       0x20 main.o
                0x00800100                def_protection
 .data.def_analog
                0x00800120       0x14 main.o
                0x00800120                def_analog
 *(.gnu.linkonce.d*)
 *(.rodata)
 *(.rodata*)
 *(.gnu.linkonce.r*)
                0x00800134                . = ALIGN (0x2)
                0x00800134                _edata = .
                0x00800134                PROVIDE (__data_end, .)

.bss            0x00800134       0xd4
                0x00800134                PROVIDE (__bss_start, .)
 *(.bss)
 *(.bss*)
 .bss.protection
                0x00800134        0x4 main.o
                0x00800134                protection
 .bss.timer1_count
                0x00800138        0x1 main.o
                0x00800138                timer1_count
 .bss.wait_sec_lock
                0x00800139        0x1 main.o
                0x00800139                wait_sec_lock
 .bss.wait_sec_down
                0x0080013a        0x1 main.o
                0x0080013a                wait_sec_down
 .bss.wait_sec_up
                0x0080013b        0x1 main.o
                0x0080013b                wait_sec_up
 .bss.val_ANA22
                0x0080013c        0x2 main.o
                0x0080013c                val_ANA22
 .bss.val_ANA21
                0x0080013e        0x2 main.o
                0x0080013e                val_ANA21
 .bss.val_ANA12
                0x00800140        0x2 main.o
                0x00800140                val_ANA12
 .bss.val_ANA11
                0x00800142        0x2 main.o
                0x00800142                val_ANA11
 .bss.val_R     0x00800144        0x2 main.o
                0x00800144                val_R
 .bss.val_L     0x00800146        0x2 main.o
                0x00800146                val_L
 .bss.paramfromdisp_addr
                0x00800148        0x1 main.o
                0x00800148                paramfromdisp_addr
 .bss.paramfromdisp
                0x00800149        0x1 main.o
                0x00800149                paramfromdisp
 .bss.paramtodisp_addr
                0x0080014a        0x1 main.o
                0x0080014a                paramtodisp_addr
 .bss.paramtodisp
                0x0080014b        0x1 main.o
                0x0080014b                paramtodisp
 .bss.statebyte1
                0x0080014c        0x1 main.o
                0x0080014c                statebyte1
 .bss.statebyte0
                0x0080014d        0x1 main.o
                0x0080014d                statebyte0
 .bss.w100Hz    0x0080014e        0x1 main.o
                0x0080014e                w100Hz
 .bss.val22     0x0080014f        0x5 main.o
                0x0080014f                val22
 .bss.val21     0x00800154        0x5 main.o
                0x00800154                val21
 .bss.val12     0x00800159        0x5 main.o
                0x00800159                val12
 .bss.val11     0x0080015e        0x5 main.o
                0x0080015e                val11
 .bss.an_L      0x00800163       0x1c main.o
                0x00800163                an_L
 .bss.an_R      0x0080017f       0x1c main.o
                0x0080017f                an_R
 .bss.sw_rightup
                0x0080019b        0x9 main.o
                0x0080019b                sw_rightup
 .bss.sw_rightdown
                0x008001a4        0x9 main.o
                0x008001a4                sw_rightdown
 .bss.sw_leftup
                0x008001ad        0x9 main.o
                0x008001ad                sw_leftup
 .bss.sw_leftdown
                0x008001b6        0x9 main.o
                0x008001b6                sw_leftdown
 .bss.in_right  0x008001bf        0x9 main.o
                0x008001bf                in_right
 .bss.in_left   0x008001c8        0x9 main.o
                0x008001c8                in_left
 .bss.twi_process_write
                0x008001d1        0x1 main.o
                0x008001d1                twi_process_write
 .bss.twi_process_read
                0x008001d2        0x1 main.o
                0x008001d2                twi_process_read
 .bss.ledR_on_down
                0x008001d3        0x1 main.o
                0x008001d3                ledR_on_down
 .bss.ledL_on_down
                0x008001d4        0x1 main.o
                0x008001d4                ledL_on_down
 .bss.ledR_on_up
                0x008001d5        0x1 main.o
                0x008001d5                ledR_on_up
 .bss.ledL_on_up
                0x008001d6        0x1 main.o
                0x008001d6                ledL_on_up
 .bss.Right     0x008001d7       0x12 main.o
                0x008001d7                Right
 .bss.Left      0x008001e9       0x12 main.o
                0x008001e9                Left
 .bss.TWI_DataBuff
                0x008001fb        0x8 twi.o
                0x008001fb                TWI_DataBuff
 .bss.TWI_Mode  0x00800203        0x1 twi.o
                0x00800203                TWI_Mode
 .bss.TWI_DataSize
                0x00800204        0x1 twi.o
                0x00800204                TWI_DataSize
 .bss.TWI_DataAddr
                0x00800205        0x1 twi.o
                0x00800205                TWI_DataAddr
 .bss.TWI_Status
                0x00800206        0x1 twi.o
                0x00800206                TWI_Status
 .bss.TWI_DataCnt
                0x00800207        0x1 twi.o
                0x00800207                TWI_DataCnt
 *(COMMON)
                0x00800208                PROVIDE (__bss_end, .)
                0x0000146e                __data_load_start = LOADADDR (.data)
                0x000014a2                __data_load_end = (__data_load_start + SIZEOF (.data))

.noinit         0x00800208        0x0
                [!provide]                PROVIDE (__noinit_start, .)
 *(.noinit*)
                [!provide]                PROVIDE (__noinit_end, .)
                0x00800208                _end = .
                [!provide]                PROVIDE (__heap_start, .)

.eeprom         0x00810000       0x1b
 *(.eeprom*)
 .eeprom        0x00810000       0x1b main.o
                0x00810000                protection_eeprom
                0x00810004                an_R_eeprom
                0x0081000e                an_L_eeprom
                0x00810018                eeprom_wait_sec_up
                0x00810019                eeprom_wait_sec_lock
                0x0081001a                eeprom_wait_sec_down
                0x0081001b                __eeprom_end = .

.fuse
 *(.fuse)
 *(.lfuse)
 *(.hfuse)
 *(.efuse)

.lock
 *(.lock*)

.signature
 *(.signature*)

.user_signatures
 *(.user_signatures*)

.stab
 *(.stab)

.stabstr
 *(.stabstr)

.stab.excl
 *(.stab.excl)

.stab.exclstr
 *(.stab.exclstr)

.stab.index
 *(.stab.index)

.stab.indexstr
 *(.stab.indexstr)

.comment        0x00000000       0x30
 *(.comment)
 .comment       0x00000000       0x30 main.o
                                 0x31 (size before relaxing)
 .comment       0x00000030       0x31 twi.o

.note.gnu.avr.deviceinfo
                0x00000000       0x40
 .note.gnu.avr.deviceinfo
                0x00000000       0x40 C:/Program Files (x86)/Atmel/Studio/7.0/Packs/atmel/ATmega_DFP/1.1.130/gcc/dev/atmega328p/avr5/crtatmega328p.o

.note.gnu.build-id
 *(.note.gnu.build-id)

.debug
 *(.debug)

.line
 *(.line)

.debug_srcinfo
 *(.debug_srcinfo)

.debug_sfnames
 *(.debug_sfnames)

.debug_aranges  0x00000000      0x160
 *(.debug_aranges)
 .debug_aranges
                0x00000000       0xa8 main.o
 .debug_aranges
                0x000000a8       0x38 twi.o
 .debug_aranges
                0x000000e0       0x20 C:/Program Files (x86)/Atmel/Studio/7.0/Packs/atmel/ATmega_DFP/1.1.130/gcc/dev/atmega328p/avr5\libatmega328p.a(eerd_block.o)
 .debug_aranges
                0x00000100       0x20 C:/Program Files (x86)/Atmel/Studio/7.0/Packs/atmel/ATmega_DFP/1.1.130/gcc/dev/atmega328p/avr5\libatmega328p.a(eerd_byte.o)
 .debug_aranges
                0x00000120       0x20 C:/Program Files (x86)/Atmel/Studio/7.0/Packs/atmel/ATmega_DFP/1.1.130/gcc/dev/atmega328p/avr5\libatmega328p.a(eewr_block.o)
 .debug_aranges
                0x00000140       0x20 C:/Program Files (x86)/Atmel/Studio/7.0/Packs/atmel/ATmega_DFP/1.1.130/gcc/dev/atmega328p/avr5\libatmega328p.a(eewr_byte.o)

.debug_pubnames
 *(.debug_pubnames)

.debug_info     0x00000000     0x2113
 *(.debug_info .gnu.linkonce.wi.*)
 .debug_info    0x00000000      0x5f4 C:/Program Files (x86)/Atmel/Studio/7.0/Packs/atmel/ATmega_DFP/1.1.130/gcc/dev/atmega328p/avr5/crtatmega328p.o
 .debug_info    0x000005f4     0x1713 main.o
 .debug_info    0x00001d07      0x15a twi.o
 .debug_info    0x00001e61       0xad C:/Program Files (x86)/Atmel/Studio/7.0/Packs/atmel/ATmega_DFP/1.1.130/gcc/dev/atmega328p/avr5\libatmega328p.a(eerd_block.o)
 .debug_info    0x00001f0e       0xac C:/Program Files (x86)/Atmel/Studio/7.0/Packs/atmel/ATmega_DFP/1.1.130/gcc/dev/atmega328p/avr5\libatmega328p.a(eerd_byte.o)
 .debug_info    0x00001fba       0xad C:/Program Files (x86)/Atmel/Studio/7.0/Packs/atmel/ATmega_DFP/1.1.130/gcc/dev/atmega328p/avr5\libatmega328p.a(eewr_block.o)
 .debug_info    0x00002067       0xac C:/Program Files (x86)/Atmel/Studio/7.0/Packs/atmel/ATmega_DFP/1.1.130/gcc/dev/atmega328p/avr5\libatmega328p.a(eewr_byte.o)

.debug_abbrev   0x00000000      0x9ba
 *(.debug_abbrev)
 .debug_abbrev  0x00000000      0x5a2 C:/Program Files (x86)/Atmel/Studio/7.0/Packs/atmel/ATmega_DFP/1.1.130/gcc/dev/atmega328p/avr5/crtatmega328p.o
 .debug_abbrev  0x000005a2      0x336 main.o
 .debug_abbrev  0x000008d8       0x92 twi.o
 .debug_abbrev  0x0000096a       0x14 C:/Program Files (x86)/Atmel/Studio/7.0/Packs/atmel/ATmega_DFP/1.1.130/gcc/dev/atmega328p/avr5\libatmega328p.a(eerd_block.o)
 .debug_abbrev  0x0000097e       0x14 C:/Program Files (x86)/Atmel/Studio/7.0/Packs/atmel/ATmega_DFP/1.1.130/gcc/dev/atmega328p/avr5\libatmega328p.a(eerd_byte.o)
 .debug_abbrev  0x00000992       0x14 C:/Program Files (x86)/Atmel/Studio/7.0/Packs/atmel/ATmega_DFP/1.1.130/gcc/dev/atmega328p/avr5\libatmega328p.a(eewr_block.o)
 .debug_abbrev  0x000009a6       0x14 C:/Program Files (x86)/Atmel/Studio/7.0/Packs/atmel/ATmega_DFP/1.1.130/gcc/dev/atmega328p/avr5\libatmega328p.a(eewr_byte.o)

.debug_line     0x00000000     0x1540
 *(.debug_line .debug_line.* .debug_line_end)
 .debug_line    0x00000000      0x133 C:/Program Files (x86)/Atmel/Studio/7.0/Packs/atmel/ATmega_DFP/1.1.130/gcc/dev/atmega328p/avr5/crtatmega328p.o
 .debug_line    0x00000133     0x101e main.o
 .debug_line    0x00001151      0x1ac twi.o
 .debug_line    0x000012fd       0xab C:/Program Files (x86)/Atmel/Studio/7.0/Packs/atmel/ATmega_DFP/1.1.130/gcc/dev/atmega328p/avr5\libatmega328p.a(eerd_block.o)
 .debug_line    0x000013a8       0x7a C:/Program Files (x86)/Atmel/Studio/7.0/Packs/atmel/ATmega_DFP/1.1.130/gcc/dev/atmega328p/avr5\libatmega328p.a(eerd_byte.o)
 .debug_line    0x00001422       0x80 C:/Program Files (x86)/Atmel/Studio/7.0/Packs/atmel/ATmega_DFP/1.1.130/gcc/dev/atmega328p/avr5\libatmega328p.a(eewr_block.o)
 .debug_line    0x000014a2       0x9e C:/Program Files (x86)/Atmel/Studio/7.0/Packs/atmel/ATmega_DFP/1.1.130/gcc/dev/atmega328p/avr5\libatmega328p.a(eewr_byte.o)

.debug_frame    0x00000000      0x2c4
 *(.debug_frame)
 .debug_frame   0x00000000      0x248 main.o
 .debug_frame   0x00000248       0x7c twi.o

.debug_str      0x00000000      0xb46
 *(.debug_str)
 .debug_str     0x00000000      0x208 C:/Program Files (x86)/Atmel/Studio/7.0/Packs/atmel/ATmega_DFP/1.1.130/gcc/dev/atmega328p/avr5/crtatmega328p.o
 .debug_str     0x00000208      0x910 main.o
                                0x9c2 (size before relaxing)
 .debug_str     0x00000b18       0x2e twi.o
                                0x21d (size before relaxing)

.debug_loc      0x00000000      0xf55
 *(.debug_loc)
 .debug_loc     0x00000000      0xed8 main.o
 .debug_loc     0x00000ed8       0x7d twi.o

.debug_macinfo
 *(.debug_macinfo)

.debug_weaknames
 *(.debug_weaknames)

.debug_funcnames
 *(.debug_funcnames)

.debug_typenames
 *(.debug_typenames)

.debug_varnames
 *(.debug_varnames)

.debug_pubtypes
 *(.debug_pubtypes)

.debug_ranges   0x00000000       0xc0
 *(.debug_ranges)
 .debug_ranges  0x00000000       0x98 main.o
 .debug_ranges  0x00000098       0x28 twi.o

.debug_macro
 *(.debug_macro)
OUTPUT(friction.elf elf32-avr)
LOAD linker stubs
